// Jest Snapshot v1, https://goo.gl/fbAQLP

exports[`<App /> renders correctly 1`] = `
<MuiThemeProvider>
  <BrowserRouter>
    <div
      className="main"
    >
      <img
        alt="ShiptHub"
        className="logo"
        src="/shipt-hub-logo.png"
      />
      <Route
        component={[Function]}
        exact={true}
        path="/"
      />
      <Route
        component={[Function]}
        path="/:username"
      />
    </div>
  </BrowserRouter>
</MuiThemeProvider>
`;
